--------- beginning of main
12-13 09:57:48.562   382   394 E RIL RILU: cannot find ttyname for AT Port
12-13 09:57:48.562   382   394 D RIL RILC: USB can't find at device
--------- beginning of kernel
12-13 09:57:50.205     0     0 D logd    : logdr: UID=2000 GID=2000 PID=20359 b tail=0 logMask=99 pid=0 start=0ns timeout=0ns
12-13 09:57:51.564   382   394 E RIL RILU: cannot find ttyname for AT Port
12-13 09:57:51.564   382   394 D RIL RILC: USB can't find at device
--------- beginning of system
12-13 09:57:52.208   456  4350 W ActivityTaskManager: Current config: {1.0 ?mcc?mnc [en_US,zh_CN_#Hans] ldltr sw617dp w1097dp h545dp 280dpi lrg long land -touch qwerty/v/v dpad/v winConfig={ mBounds=Rect(0, 0 - 1920, 1080) mAppBounds=Rect(0, 0 - 1920, 996) mWindowingMode=fullscreen mDisplayWindowingMode=fullscreen mActivityType=undefined mAlwaysOnTop=undefined mRotation=ROTATION_0} s.1182} unchanged for IME proc com.android.inputmethod.latin
12-13 09:57:52.208   456   477 D ActivityTaskManager: Storing locale zh-Hans-CN for decryption UI
12-13 09:57:52.210   456  4350 I ActivityTaskManager: Config changes=2004 {1.0 ?mcc?mnc [zh_CN_#Hans,en_US] ldltr sw617dp w1097dp h545dp 280dpi lrg long land -touch qwerty/v/v dpad/v winConfig={ mBounds=Rect(0, 0 - 1920, 1080) mAppBounds=Rect(0, 0 - 1920, 996) mWindowingMode=fullscreen mDisplayWindowingMode=fullscreen mActivityType=undefined mAlwaysOnTop=undefined mRotation=ROTATION_0} s.1182}
12-13 09:57:52.258   456  4350 W ActivityTaskManager: Current config: {1.0 ?mcc?mnc [en_US,zh_CN_#Hans] ldltr sw617dp w1097dp h545dp 280dpi lrg long land -touch qwerty/v/v dpad/v winConfig={ mBounds=Rect(0, 0 - 1920, 1080) mAppBounds=Rect(0, 0 - 1920, 996) mWindowingMode=fullscreen mDisplayWindowingMode=fullscreen mActivityType=undefined mAlwaysOnTop=undefined mRotation=ROTATION_0} s.1182} unchanged for IME proc com.android.inputmethod.latin
12-13 09:57:52.267   456  4350 I WindowManager: Override config changes=2004 {1.0 ?mcc?mnc [zh_CN_#Hans,en_US] ldltr sw617dp w1097dp h545dp 280dpi lrg long land -touch qwerty/v/v dpad/v winConfig={ mBounds=Rect(0, 0 - 1920, 1080) mAppBounds=Rect(0, 0 - 1920, 996) mWindowingMode=fullscreen mDisplayWindowingMode=fullscreen mActivityType=undefined mAlwaysOnTop=undefined mRotation=ROTATION_0} s.1182} for displayId=0
12-13 09:57:52.267   456  4350 V ActivityTaskManager: Sending to IME proc com.android.inputmethod.latin new config {1.0 ?mcc?mnc [zh_CN_#Hans,en_US] ldltr sw617dp w1097dp h545dp 280dpi lrg long land -touch qwerty/v/v dpad/v winConfig={ mBounds=Rect(0, 0 - 1920, 1080) mAppBounds=Rect(0, 0 - 1920, 996) mWindowingMode=fullscreen mDisplayWindowingMode=fullscreen mActivityType=undefined mAlwaysOnTop=undefined mRotation=ROTATION_0} s.1182}
12-13 09:57:52.268   456  4350 W ActivityTaskManager: Current config: {1.0 ?mcc?mnc [zh_CN_#Hans,en_US] ldltr sw617dp w1097dp h545dp 280dpi lrg long land -touch qwerty/v/v dpad/v winConfig={ mBounds=Rect(0, 0 - 1920, 1080) mAppBounds=Rect(0, 0 - 1920, 996) mWindowingMode=fullscreen mDisplayWindowingMode=fullscreen mActivityType=undefined mAlwaysOnTop=undefined mRotation=ROTATION_0} s.1182} unchanged for IME proc com.android.inputmethod.latin
12-13 09:57:52.308   219   989 D gralloc4: [File] : hardware/rockchip/libgralloc/bifrost/src/hidl_common/Allocator.cpp; [Line] : 147; [Func] : allocate;
12-13 09:57:52.308   219   989 D gralloc4: got new private_handle_t instance @0xb400006f82e39070 for buffer 'screenshot'. share_fd : 8, share_attr_fd : 9, flags : 0x4, width : 1920, height : 1080, req_format : 0x1, producer_usage : 0x333, consumer_usage : 0x333, internal_format : 0x0, stride : 1920, byte_stride : 0, internalWidth : 0, internalHeight : 0, alloc_format : 0x1, size : 8294400, layer_count : 1, backing_store_size : 8294400, allocating_pid : 219, ref_count : 1, yuv_info : 0
12-13 09:57:52.308   219   989 D gralloc4: plane_info[0]: offset : 0, byte_stride : 7680, alloc_width : 1920, alloc_height : 1080
12-13 09:57:52.308   219   989 D gralloc4: plane_info[1]: offset : 0, byte_stride : 0, alloc_width : 0, alloc_height : 0
12-13 09:57:52.323   456  4350 W ImageReader_JNI: Unable to acquire a buffer item, very likely client tried to acquire more than maxImages buffers
12-13 09:57:52.335   456  4350 V WindowManager: Orientation start waiting for draw, mDrawState=DRAW_PENDING in Window{9041b87 u0 NavigationBar0}, surfaceController Surface(name=NavigationBar0)/@0x2357235
12-13 09:57:52.335   456  4350 V WindowManager: Orientation start waiting for draw, mDrawState=DRAW_PENDING in Window{c88fd05 u0 StatusBar}, surfaceController Surface(name=StatusBar)/@0x205d03b
12-13 09:57:52.335   456  4350 V WindowManager: Orientation start waiting for draw, mDrawState=DRAW_PENDING in Window{bb13299 u0 com.android.settings/com.android.settings.Settings$LocalePickerActivity}, surfaceController Surface(name=com.android.settings/com.android.settings.Settings$LocalePickerActivity)/@0xceadebe
12-13 09:57:52.410   181   197 E BufferQueueProducer: [com.android.settings/com.android.settings.Settings$LocalePickerActivity#0](id:b50000025a,api:0,p:-1,c:181) disconnect: not connected (req=1)
12-13 09:57:52.410 20281 20302 W libEGL  : EGLNativeWindowType 0xb400007582529a30 disconnect failed
12-13 09:57:52.454 20281 20281 D SettingsActivity: Starting onCreate
12-13 09:57:52.466  1023  1065 D LoaderTask: loadWorkspace: loading default favorites
12-13 09:57:52.488   456 11911 D TelephonyRegistryManager: onSubscriptionsChangedListener callback received.
12-13 09:57:52.489   456 11911 I chatty  : uid=1000(system) Binder:456_15 identical 3 lines
12-13 09:57:52.489   456 11911 D TelephonyRegistryManager: onSubscriptionsChangedListener callback received.
12-13 09:57:52.489   625  9490 D TelephonyRegistryManager: onSubscriptionsChangedListener callback received.
12-13 09:57:52.489   863   891 D TelephonyRegistryManager: onSubscriptionsChangedListener callback received.
12-13 09:57:52.489   625  9490 D TelephonyRegistryManager: onSubscriptionsChangedListener callback received.
12-13 09:57:52.489   863  5939 D TelephonyRegistryManager: onSubscriptionsChangedListener callback received.
12-13 09:57:52.489   863  5922 D TelephonyRegistryManager: onSubscriptionsChangedListener callback received.
12-13 09:57:52.489   863  1068 D TelephonyRegistryManager: onSubscriptionsChangedListener callback received.
12-13 09:57:52.489   863   891 D TelephonyRegistryManager: onSubscriptionsChangedListener callback received.
12-13 09:57:52.489   863  1083 D TelephonyRegistryManager: onSubscriptionsChangedListener callback received.
12-13 09:57:52.491   863   863 D MultiSimSettingController: notifySubscriptionInfoChanged
12-13 09:57:52.496   863  1072 D TelephonyRegistryManager: onSubscriptionsChangedListener callback received.
12-13 09:57:52.496   863   863 I Telephony: Locale change; re-registering phone accounts.
12-13 09:57:52.497   863   863 I Telephony: PstnIncomingCallNotifier: Unregistering: Handler (com.android.internal.telephony.GsmCdmaPhone) {62e3e8a}
12-13 09:57:52.497   863   863 D Telephony: Unregistering: Handler (com.android.internal.telephony.GsmCdmaPhone) {62e3e8a}
12-13 09:57:52.497   863   863 I Telephony: TelecomAccountRegistry: setupAccounts: Found 1 phones.  Attempting to register.
12-13 09:57:52.497   863   863 I Telephony: TelecomAccountRegistry: setupAccounts: Phone with subscription id -1
12-13 09:57:52.497   863   863 D Telephony: TelecomAccountRegistry: setupAccounts: skipping invalid subid -1
12-13 09:57:52.497   863   863 I Telephony: setupAccounts: adding default
12-13 09:57:52.499   863   863 E PhoneInterfaceManager: [PhoneIntfMgr] getIccId: No UICC
12-13 09:57:52.499   863   863 D Telephony: isEmergencyPreferredAccount: subId=-1, activeData=-1
12-13 09:57:52.499   863   863 D Telephony: isEmergencyPreferredAccount: Device does not require preference.
12-13 09:57:52.499   863   863 I Telephony: isRttCurrentlySupported -- emergency acct and no device support
12-13 09:57:52.505 20281 20281 D SettingsActivity: Starting to set activity title
12-13 09:57:52.505 20281 20281 D SettingsActivity: Done setting title
12-13 09:57:52.509   456 11911 I Telecom : PhoneAccountRegistrar: Modify account: [ComponentInfo{com.android.phone/com.android.services.telephony.TelephonyConnectionService}, ***, UserHandle{0}(lbl: 紧急呼救 -> Emergency calls)(desc: 只能拨打紧急呼救电话 -> Emergency calling only)]: TSI.rPA@AYE
12-13 09:57:52.511   456 11911 I Telecom : CallsManager: handlePhoneAccountChanged: phoneAccount=[[X] PhoneAccount: ComponentInfo{com.android.phone/com.android.services.telephony.TelephonyConnectionService}, ***, UserHandle{0} Capabilities: CallProvider MultiUser PlaceEmerg SimSub  Audio Routes: BESW Schemes: tel voicemail  Extras: Bundle[{android.telecom.extra.SUPPORTS_VIDEO_CALLING_FALLBACK=true}] GroupId: ***]: TSI.rPA@AYE
12-13 09:57:52.517   863   863 I Telephony: AccountEntry: Registered phoneAccount: [[ ] PhoneAccount: ComponentInfo{com.android.phone/com.android.services.telephony.TelephonyConnectionService}, ***, UserHandle{0} Capabilities: CallProvider MultiUser PlaceEmerg SimSub  Audio Routes: BESW Schemes: tel voicemail  Extras: Bundle[{android.telecom.extra.SUPPORTS_VIDEO_CALLING_FALLBACK=true}] GroupId: ***] with handle: ComponentInfo{com.android.phone/com.android.services.telephony.TelephonyConnectionService}, ***, UserHandle{0}
12-13 09:57:52.517   863   863 I Telephony: PstnIncomingCallNotifier: Registering: Handler (com.android.internal.telephony.GsmCdmaPhone) {62e3e8a}
12-13 09:57:52.517   863   863 D Telephony: Registering: Handler (com.android.internal.telephony.GsmCdmaPhone) {62e3e8a}
12-13 09:57:52.526   863   863 D MultiSimSettingController: onSubscriptionsChanged
12-13 09:57:52.526   863   863 I Telephony: TelecomAccountRegistry: onSubscriptionsChanged - update accounts
12-13 09:57:52.527   863   863 I Telephony: PstnIncomingCallNotifier: Unregistering: Handler (com.android.internal.telephony.GsmCdmaPhone) {62e3e8a}
12-13 09:57:52.527   863   863 D Telephony: Unregistering: Handler (com.android.internal.telephony.GsmCdmaPhone) {62e3e8a}
12-13 09:57:52.527   863   863 I Telephony: TelecomAccountRegistry: setupAccounts: Found 1 phones.  Attempting to register.
12-13 09:57:52.527   863   863 I Telephony: TelecomAccountRegistry: setupAccounts: Phone with subscription id -1
12-13 09:57:52.527   863   863 D Telephony: TelecomAccountRegistry: setupAccounts: skipping invalid subid -1
12-13 09:57:52.527   863   863 I Telephony: setupAccounts: adding default
12-13 09:57:52.534   863   863 E PhoneInterfaceManager: [PhoneIntfMgr] getIccId: No UICC
12-13 09:57:52.534   863   863 D Telephony: isEmergencyPreferredAccount: subId=-1, activeData=-1
12-13 09:57:52.534   863   863 D Telephony: isEmergencyPreferredAccount: Device does not require preference.
12-13 09:57:52.534   863   863 I Telephony: isRttCurrentlySupported -- emergency acct and no device support
12-13 09:57:52.544   456  5303 I Telecom : PhoneAccountRegistrar: Modify account: [ComponentInfo{com.android.phone/com.android.services.telephony.TelephonyConnectionService}, ***, UserHandle{0}]: TSI.rPA@AYM
12-13 09:57:52.545   456  5303 I Telecom : CallsManager: handlePhoneAccountChanged: phoneAccount=[[X] PhoneAccount: ComponentInfo{com.android.phone/com.android.services.telephony.TelephonyConnectionService}, ***, UserHandle{0} Capabilities: CallProvider MultiUser PlaceEmerg SimSub  Audio Routes: BESW Schemes: tel voicemail  Extras: Bundle[{android.telecom.extra.SUPPORTS_VIDEO_CALLING_FALLBACK=true}] GroupId: ***]: TSI.rPA@AYM
12-13 09:57:52.548   863   863 I Telephony: AccountEntry: Registered phoneAccount: [[ ] PhoneAccount: ComponentInfo{com.android.phone/com.android.services.telephony.TelephonyConnectionService}, ***, UserHandle{0} Capabilities: CallProvider MultiUser PlaceEmerg SimSub  Audio Routes: BESW Schemes: tel voicemail  Extras: Bundle[{android.telecom.extra.SUPPORTS_VIDEO_CALLING_FALLBACK=true}] GroupId: ***] with handle: ComponentInfo{com.android.phone/com.android.services.telephony.TelephonyConnectionService}, ***, UserHandle{0}
12-13 09:57:52.549   863   863 I Telephony: PstnIncomingCallNotifier: Registering: Handler (com.android.internal.telephony.GsmCdmaPhone) {62e3e8a}
12-13 09:57:52.549   863   863 D Telephony: Registering: Handler (com.android.internal.telephony.GsmCdmaPhone) {62e3e8a}
12-13 09:57:52.551   863   863 I Telephony: handleVideoCapabilitesChanged. Video capability - false
12-13 09:57:52.552   863   863 I Telephony: handleVideoCapabilitesChanged. Video capability - false
12-13 09:57:52.556   863   863 E PhoneInterfaceManager: [PhoneIntfMgr] getIccId: No UICC
12-13 09:57:52.563   863   863 D Telephony: isEmergencyPreferredAccount: subId=-1, activeData=-1
12-13 09:57:52.563   863   863 D Telephony: isEmergencyPreferredAccount: Device does not require preference.
12-13 09:57:52.563   863   863 I Telephony: isRttCurrentlySupported -- emergency acct and no device support
12-13 09:57:52.574   456 24498 I Telecom : PhoneAccountRegistrar: Modify account: [ComponentInfo{com.android.phone/com.android.services.telephony.TelephonyConnectionService}, ***, UserHandle{0}]: TSI.rPA@AYU
12-13 09:57:52.577   456 24498 I Telecom : CallsManager: handlePhoneAccountChanged: phoneAccount=[[X] PhoneAccount: ComponentInfo{com.android.phone/com.android.services.telephony.TelephonyConnectionService}, ***, UserHandle{0} Capabilities: CallProvider MultiUser PlaceEmerg SimSub  Audio Routes: BESW Schemes: tel voicemail  Extras: Bundle[{android.telecom.extra.SUPPORTS_VIDEO_CALLING_FALLBACK=true}] GroupId: ***]: TSI.rPA@AYU
12-13 09:57:52.605 20281 20281 W RecyclerView: No adapter attached; skipping layout
12-13 09:57:52.618   219   989 D gralloc4: [File] : hardware/rockchip/libgralloc/bifrost/src/hidl_common/Allocator.cpp; [Line] : 147; [Func] : allocate;
12-13 09:57:52.618   219   989 D gralloc4: got new private_handle_t instance @0xb400006f82e393d0 for buffer 'com.android.settings/com.android.settings.Settings$LocalePickerActivity#0'. share_fd : 8, share_attr_fd : 9, flags : 0x4, width : 1920, height : 1080, req_format : 0x1, producer_usage : 0x40000000000b00, consumer_usage : 0x40000000000b00, internal_format : 0x0, stride : 0, byte_stride : 0, internalWidth : 0, internalHeight : 0, alloc_format : 0x100000001, size : 8486912, layer_count : 1, backing_store_size : 8486912, allocating_pid : 219, ref_count : 1, yuv_info : 0
12-13 09:57:52.618   219   989 D gralloc4: plane_info[0]: offset : 0, byte_stride : 7680, alloc_width : 1920, alloc_height : 1088
12-13 09:57:52.618   219   989 D gralloc4: plane_info[1]: offset : 0, byte_stride : 0, alloc_width : 0, alloc_height : 0
12-13 09:57:52.629 19945 19945 E         : =============onUpdate
12-13 09:57:52.634   219   989 D gralloc4: [File] : hardware/rockchip/libgralloc/bifrost/src/hidl_common/Allocator.cpp; [Line] : 147; [Func] : allocate;
12-13 09:57:52.634   219   989 D gralloc4: got new private_handle_t instance @0xb400006f82e39070 for buffer 'com.android.settings/com.android.settings.Settings$LocalePickerActivity#0'. share_fd : 8, share_attr_fd : 9, flags : 0x4, width : 1920, height : 1080, req_format : 0x1, producer_usage : 0x40000000000b00, consumer_usage : 0x40000000000b00, internal_format : 0x0, stride : 0, byte_stride : 0, internalWidth : 0, internalHeight : 0, alloc_format : 0x100000001, size : 8486912, layer_count : 1, backing_store_size : 8486912, allocating_pid : 219, ref_count : 1, yuv_info : 0
12-13 09:57:52.634   219   989 D gralloc4: plane_info[0]: offset : 0, byte_stride : 7680, alloc_width : 1920, alloc_height : 1088
12-13 09:57:52.634   219   989 D gralloc4: plane_info[1]: offset : 0, byte_stride : 0, alloc_width : 0, alloc_height : 0
12-13 09:57:52.643   219   989 D gralloc4: [File] : hardware/rockchip/libgralloc/bifrost/src/hidl_common/Allocator.cpp; [Line] : 147; [Func] : allocate;
12-13 09:57:52.643   219   989 D gralloc4: got new private_handle_t instance @0xb400006f82e393d0 for buffer 'com.android.settings/com.android.settings.Settings$LocalePickerActivity#0'. share_fd : 8, share_attr_fd : 9, flags : 0x4, width : 1920, height : 1080, req_format : 0x1, producer_usage : 0x40000000000b00, consumer_usage : 0x40000000000b00, internal_format : 0x0, stride : 0, byte_stride : 0, internalWidth : 0, internalHeight : 0, alloc_format : 0x100000001, size : 8486912, layer_count : 1, backing_store_size : 8486912, allocating_pid : 219, ref_count : 1, yuv_info : 0
12-13 09:57:52.645   219   989 D gralloc4: plane_info[0]: offset : 0, byte_stride : 7680, alloc_width : 1920, alloc_height : 1088
12-13 09:57:52.645   219   989 D gralloc4: plane_info[1]: offset : 0, byte_stride : 0, alloc_width : 0, alloc_height : 0
12-13 09:57:52.651  9044  9044 V TestScheduleOnOff: android.intent.action.LOCALE_CHANGED
12-13 09:57:52.651  9044  9044 V TestScheduleOnOff: 1111111
12-13 09:57:52.651  9044  9044 D Alarms  : Alarms.calculateNextAlert()_now = 1702461472651,type:1
12-13 09:57:52.674  9044  9044 V TestScheduleOnOff: setNextScheduleOn nextOnC==null so cancelAlarm(TYPE_POWER_ON)
12-13 09:57:52.684  9044  9044 D Alarms  : Alarms.calculateNextAlert()_now = 1702461472684,type:0
12-13 09:57:52.694  9044  9044 V TestScheduleOnOff: setNextScheduleOff nextOffC==null so cancelAlarm(TYPE_POWER_OFF)
12-13 09:57:52.701  9044  9044 D Alarms  : Alarms.calculateNextAlert()_now = 1702461472701,type:2
12-13 09:57:52.712  9044  9044 V TestScheduleOnOff: setNextScheduleReboot nextOffC==null so cancelAlarm(TYPE_POWER_REBOOT)
12-13 09:57:52.724 20281 20295 I ndroid.setting: Background concurrent copying GC freed 20733(932KB) AllocSpace objects, 27(540KB) LOS objects, 49% free, 4741KB/9482KB, paused 85us total 241.948ms
12-13 09:57:52.749   456   456 W Looper  : Slow dispatch took 450ms main h=android.app.ActivityThread$H c=android.app.-$$Lambda$LoadedApk$ReceiverDispatcher$Args$_BumDX2UKsnxLVrE6UJsJZkotuA@1606dd0 m=0
12-13 09:57:52.749   456   456 W Looper  : Slow delivery took 454ms main h=android.app.ActivityThread$H c=android.app.-$$Lambda$LoadedApk$ReceiverDispatcher$Args$_BumDX2UKsnxLVrE6UJsJZkotuA@66451c9 m=0
12-13 09:57:52.766  7818  7818 D AlertReceiver: onReceive: a=android.intent.action.LOCALE_CHANGED Intent { act=android.intent.action.LOCALE_CHANGED flg=0x11200010 cmp=com.android.calendar/.alerts.AlertReceiver }
12-13 09:57:52.769   456   474 D AutofillManagerService: Close system dialogs
12-13 09:57:52.813  1159  1159 I AlarmClock: AlarmInitReceiver android.intent.action.LOCALE_CHANGED
12-13 09:57:52.821  8891  8891 W ContextImpl: Calling a method in the system process without a qualified user: android.app.ContextImpl.sendBroadcast:1111 android.content.ContextWrapper.sendBroadcast:468 android.content.ContextWrapper.sendBroadcast:468 com.android.music.MediaAppWidgetProvider.onUpdate:59 android.appwidget.AppWidgetProvider.onReceive:66 
12-13 09:57:52.822   456   456 W InputMethodManagerService: Illegal subtype state: old subtype = null, new subtype = android.view.inputmethod.InputMethodSubtype@c9194f98
12-13 09:57:52.822   456   587 E ActivityManager: Sending non-protected broadcast com.android.music.musicservicecommand from system 8891:com.android.music/1000 pkg com.android.music
12-13 09:57:52.822   456   587 E ActivityManager: java.lang.Throwable
12-13 09:57:52.822   456   587 E ActivityManager: 	at com.android.server.am.ActivityManagerService.checkBroadcastFromSystem(ActivityManagerService.java:15897)
12-13 09:57:52.822   456   587 E ActivityManager: 	at com.android.server.am.ActivityManagerService.broadcastIntentLocked(ActivityManagerService.java:16572)
12-13 09:57:52.822   456   587 E ActivityManager: 	at com.android.server.am.ActivityManagerService.broadcastIntentLocked(ActivityManagerService.java:15914)
12-13 09:57:52.822   456   587 E ActivityManager: 	at com.android.server.am.ActivityManagerService.broadcastIntentWithFeature(ActivityManagerService.java:16728)
12-13 09:57:52.822   456   587 E ActivityManager: 	at android.app.IActivityManager$Stub.onTransact(IActivityManager.java:2283)
12-13 09:57:52.822   456   587 E ActivityManager: 	at com.android.server.am.ActivityManagerService.onTransact(ActivityManagerService.java:2867)
12-13 09:57:52.822   456   587 E ActivityManager: 	at android.os.Binder.execTransactInternal(Binder.java:1154)
12-13 09:57:52.822   456   587 E ActivityManager: 	at android.os.Binder.execTransact(Binder.java:1123)
12-13 09:57:52.824   456   456 I Telecom : : Locale change; recreating channels.
12-13 09:57:52.825   456   483 I DropBoxManagerService: add tag=system_server_wtf isTagEnabled=true flags=0x2
12-13 09:57:52.847   289   289 D AF::TrackHandle: OpPlayAudio: track:55 usage:13 not muted
12-13 09:57:52.852   289   289 I chatty  : uid=1041(audioserver) /system/bin/audioserver identical 11 lines
12-13 09:57:52.852   289   289 D AF::TrackHandle: OpPlayAudio: track:55 usage:13 not muted
12-13 09:57:52.852   289   562 D AF::TrackHandle: OpPlayAudio: track:55 usage:13 not muted
12-13 09:57:52.866   456   456 W Looper  : Drained
12-13 09:57:52.859   289   562 I chatty  : uid=1041(audioserver) Binder:289_4 identical 17 lines
12-13 09:57:52.859   289   562 D AF::TrackHandle: OpPlayAudio: track:55 usage:13 not muted
12-13 09:57:52.927   456 24231 W system_server: Long monitor contention with owner android.bg (482) at void com.android.server.pm.ShortcutService.scheduleSaveInner(int)(ShortcutService.java:1116) waiters=0 in android.content.pm.ParceledListSlice com.android.server.pm.ShortcutService.getShortcuts(java.lang.String, int, int) for 539ms
12-13 09:57:52.928   456   482 V AlarmManager: setImplLocked type=2   ,when=113790638
12-13 09:57:52.929   456   482 W UsageStatsService: Unexpected activity event reported! (com.android.launcher3/com.android.launcher3.uioverrides.QuickstepLauncher event : 2 instanceId : 202359960)
12-13 09:57:52.933  1159  1194 I AlarmClock: Fixing alarm instances
12-13 09:57:52.933  1023  1023 D RecentsOrientedState: current RecentsOrientedState: [this=RecentsOrientedState@ab27bc3 mOrientationHandler=PortraitPagedViewHandler@bf79257 mDisplayRotation=0 mTouchRotation=0 mRecentsActivityRotation=0 isRecentsActivityRotationAllowed=true mSystemRotation=false mFlags=289]
12-13 09:57:52.933  1023  1023 D RecentsOrientedState: current RecentsOrientedState: [this=RecentsOrientedState@ab27bc3 mOrientationHandler=PortraitPagedViewHandler@bf79257 mDisplayRotation=0 mTouchRotation=0 mRecentsActivityRotation=0 isRecentsActivityRotationAllowed=true mSystemRotation=false mFlags=289]
12-13 09:57:52.934   456  5303 W system_server: Long monitor contention with owner android.bg (482) at void com.android.server.pm.ShortcutService.scheduleSaveInner(int)(ShortcutService.java:1116) waiters=1 in boolean com.android.server.pm.ShortcutService.canSeeAnyPinnedShortcut(java.lang.String, int, int, int) for 371ms
12-13 09:57:52.943   456 24231 V AlarmManager: setImplLocked type=1   ,when=1702512000000
12-13 09:57:52.946  1159  1159 I DigitalWidgetProvider: onReceive: Intent { act=android.appwidget.action.APPWIDGET_UPDATE flg=0x10 cmp=com.android.deskclock/com.android.alarmclock.DigitalAppWidgetProvider (has extras) }
12-13 09:57:52.952  1159  1159 E ContextImpl: Tried to access visual service LayoutInflater from a non-visual Context:com.android.deskclock.DeskClockApplication@91d21f8 Visual services, such as WindowManager, WallpaperService or LayoutInflater should be accessed from Activity or other visual Context. Use an Activity or a Context created with Context#createWindowContext(int, Bundle), which are adjusted to the configuration and visual bounds of an area on screen.
12-13 09:57:52.952  1159  1159 E ContextImpl: java.lang.IllegalAccessException: Tried to access visual service LayoutInflater from a non-visual Context:com.android.deskclock.DeskClockApplication@91d21f8
12-13 09:57:52.952  1159  1159 E ContextImpl: 	at android.app.ContextImpl.getSystemService(ContextImpl.java:1914)
12-13 09:57:52.952  1159  1159 E ContextImpl: 	at android.content.ContextWrapper.getSystemService(ContextWrapper.java:803)
12-13 09:57:52.952  1159  1159 E ContextImpl: 	at android.content.ContextWrapper.getSystemService(ContextWrapper.java:803)
12-13 09:57:52.952  1159  1159 E ContextImpl: 	at android.view.LayoutInflater.from(LayoutInflater.java:282)
12-13 09:57:52.952  1159  1159 E ContextImpl: 	at com.android.alarmclock.DigitalAppWidgetProvider.optimizeSizes(DigitalAppWidgetProvider.java:293)
12-13 09:57:52.952  1159  1159 E ContextImpl: 	at com.android.alarmclock.DigitalAppWidgetProvider.relayoutWidget(DigitalAppWidgetProvider.java:252)
12-13 09:57:52.952  1159  1159 E ContextImpl: 	at com.android.alarmclock.DigitalAppWidgetProvider.relayoutWidget(DigitalAppWidgetProvider.java:194)
12-13 09:57:52.952  1159  1159 E ContextImpl: 	at com.android.alarmclock.DigitalAppWidgetProvider.onUpdate(DigitalAppWidgetProvider.java:172)
12-13 09:57:52.952  1159  1159 E ContextImpl: 	at android.appwidget.AppWidgetProvider.onReceive(AppWidgetProvider.java:66)
12-13 09:57:52.952  1159  1159 E ContextImpl: 	at com.android.alarmclock.DigitalAppWidgetProvider.onReceive(DigitalAppWidgetProvider.java:130)
12-13 09:57:52.952  1159  1159 E ContextImpl: 	at android.app.ActivityThread.handleReceiver(ActivityThread.java:4026)
12-13 09:57:52.952  1159  1159 E ContextImpl: 	at android.app.ActivityThread.access$1400(ActivityThread.java:237)
12-13 09:57:52.952  1159  1159 E ContextImpl: 	at android.app.ActivityThread$H.handleMessage(ActivityThread.java:1924)
12-13 09:57:52.952  1159  1159 E ContextImpl: 	at android.os.Handler.dispatchMessage(Handler.java:106)
12-13 09:57:52.952  1159  1159 E ContextImpl: 	at android.os.Looper.loop(Looper.java:223)
12-13 09:57:52.952  1159  1159 E ContextImpl: 	at android.app.ActivityThread.main(ActivityThread.java:7660)
12-13 09:57:52.952  1159  1159 E ContextImpl: 	at java.lang.reflect.Method.invoke(Native Method)
12-13 09:57:52.952  1159  1159 E ContextImpl: 	at com.android.internal.os.RuntimeInit$MethodAndArgsCaller.run(RuntimeInit.java:592)
12-13 09:57:52.952  1159  1159 E ContextImpl: 	at com.android.internal.os.ZygoteInit.main(ZygoteInit.java:947)
12-13 09:57:52.959  1159  1159 E ViewConfiguration: Tried to access UI constants from a non-visual Context:com.android.deskclock.DeskClockApplication@91d21f8UI constants, such as display metrics or window metrics, must be accessed from Activity or other visual Context. Use an Activity or a Context created with Context#createWindowContext(int, Bundle), which are adjusted to the configuration and visual bounds of an area on screen
12-13 09:57:52.959  1159  1159 E ViewConfiguration: java.lang.IllegalArgumentException: Tried to access UI constants from a non-visual Context:com.android.deskclock.DeskClockApplication@91d21f8
12-13 09:57:52.959  1159  1159 E ViewConfiguration: 	at android.view.ViewConfiguration.get(ViewConfiguration.java:510)
12-13 09:57:52.959  1159  1159 E ViewConfiguration: 	at android.view.View.<init>(View.java:5317)
12-13 09:57:52.959  1159  1159 E ViewConfiguration: 	at android.view.View.<init>(View.java:5467)
12-13 09:57:52.959  1159  1159 E ViewConfiguration: 	at android.view.ViewGroup.<init>(ViewGroup.java:697)
12-13 09:57:52.959  1159  1159 E ViewConfiguration: 	at android.widget.LinearLayout.<init>(LinearLayout.java:254)
12-13 09:57:52.959  1159  1159 E ViewConfiguration: 	at android.widget.LinearLayout.<init>(LinearLayout.java:250)
12-13 09:57:52.959  1159  1159 E ViewConfiguration: 	at android.widget.LinearLayout.<init>(LinearLayout.java:246)
12-13 09:57:52.959  1159  1159 E ViewConfiguration: 	at java.lang.reflect.Constructor.newInstance0(Native Method)
12-13 09:57:52.959  1159  1159 E ViewConfiguration: 	at java.lang.reflect.Constructor.newInstance(Constructor.java:343)
12-13 09:57:52.959  1159  1159 E ViewConfiguration: 	at android.view.LayoutInflater.createView(LayoutInflater.java:852)
12-13 09:57:52.959  1159  1159 E ViewConfiguration: 	at android.view.LayoutInflater.createView(LayoutInflater.java:774)
12-13 09:57:52.959  1159  1159 E ViewConfiguration: 	at com.android.internal.policy.PhoneLayoutInflater.onCreateView(PhoneLayoutInflater.java:58)
12-13 09:57:52.959  1159  1159 E ViewConfiguration: 	at android.view.LayoutInflater.onCreateView(LayoutInflater.java:928)
12-13 09:57:52.959  1159  1159 E ViewConfiguration: 	at android.view.LayoutInflater.onCreateView(LayoutInflater.java:948)
12-13 09:57:52.959  1159  1159 E ViewConfiguration: 	at android.view.LayoutInflater.createViewFromTag(LayoutInflater.java:1002)
12-13 09:57:52.959  1159  1159 E ViewConfiguration: 	at android.view.LayoutInflater.createViewFromTag(LayoutInflater.java:959)
12-13 09:57:52.959  1159  1159 E ViewConfiguration: 	at android.view.LayoutInflater.inflate(LayoutInflater.java:657)
12-13 09:57:52.959  1159  1159 E ViewConfiguration: 	at android.view.LayoutInflater.inflate(LayoutInflater.java:532)
12-13 09:57:52.959  1159  1159 E ViewConfiguration: 	at android.view.LayoutInflater.inflate(LayoutInflater.java:479)
12-13 09:57:52.959  1159  1159 E ViewConfiguration: 	at com.android.alarmclock.DigitalAppWidgetProvider.optimizeSizes(DigitalAppWidgetProvider.java:295)
12-13 09:57:52.959  1159  1159 E ViewConfiguration: 	at com.android.alarmclock.DigitalAppWidgetProvider.relayoutWidget(DigitalAppWidgetProvider.java:252)
12-13 09:57:52.959  1159  1159 E ViewConfiguration: 	at com.android.alarmclock.DigitalAppWidgetProvider.relayoutWidget(DigitalAppWidgetProvider.java:194)
12-13 09:57:52.959  1159  1159 E ViewConfiguration: 	at com.android.alarmclock.DigitalAppWidgetProvider.onUpdate(DigitalAppWidgetProvider.java:172)
12-13 09:57:52.959  1159  1159 E ViewConfiguration: 	at android.appwidget.AppWidgetProvider.onReceive(AppWidgetProvider.java:66)
12-13 09:57:52.959  1159  1159 E ViewConfiguration: 	at com.android.alarmclock.DigitalAppWidgetProvider.onReceive(DigitalAppWidgetProvider.java:130)
12-13 09:57:52.959  1159  1159 E ViewConfiguration: 	at android.app.ActivityThread.handleReceiver(ActivityThread.java:4026)
12-13 09:57:52.959  1159  1159 E ViewConfiguration: 	at android.app.ActivityThread.access$1400(ActivityThread.java:237)
12-13 09:57:52.959  1159  1159 E ViewConfiguration: 	at android.app.ActivityThread$H.handleMessage(ActivityThread.java:1924)
12-13 09:57:52.959  1159  1159 E ViewConfiguration: 	at android.os.Handler.dispatchMessage(Handler.java:106)
12-13 09:57:52.959  1159  1159 E ViewConfiguration: 	at android.os.Looper.loop(Looper.java:223)
12-13 09:57:52.959  1159  1159 E ViewConfiguration: 	at android.app.ActivityThread.main(ActivityThread.java:7660)
12-13 09:57:52.959  1159  1159 E ViewConfiguration: 	at java.lang.reflect.Method.invoke(Native Method)
12-13 09:57:52.959  1159  1159 E ViewConfiguration: 	at com.android.internal.os.RuntimeInit$MethodAndArgsCaller.run(RuntimeInit.java:592)
12-13 09:57:52.959  1159  1159 E ViewConfiguration: 	at com.android.internal.os.ZygoteInit.main(ZygoteInit.java:947)
12-13 09:57:52.968  1159  1194 V AlarmClock: AlarmInitReceiver finished
12-13 09:57:52.972  1159  1159 E ViewConfiguration: Tried to access UI constants from a non-visual Context:com.android.deskclock.DeskClockApplication@91d21f8UI constants, such as display metrics or window metrics, must be accessed from Activity or other visual Context. Use an Activity or a Context created with Context#createWindowContext(int, Bundle), which are adjusted to the configuration and visual bounds of an area on screen
12-13 09:57:52.972  1159  1159 E ViewConfiguration: java.lang.IllegalArgumentException: Tried to access UI constants from a non-visual Context:com.android.deskclock.DeskClockApplication@91d21f8
12-13 09:57:52.972  1159  1159 E ViewConfiguration: 	at android.view.ViewConfiguration.get(ViewConfiguration.java:510)
12-13 09:57:52.972  1159  1159 E ViewConfiguration: 	at android.view.View.<init>(View.java:5317)
12-13 09:57:52.972  1159  1159 E ViewConfiguration: 	at android.view.View.<init>(View.java:5467)
12-13 09:57:52.972  1159  1159 E ViewConfiguration: 	at android.widget.TextView.<init>(TextView.java:1000)
12-13 09:57:52.972  1159  1159 E ViewConfiguration: 	at android.widget.TextClock.<init>(TextClock.java:247)
12-13 09:57:52.972  1159  1159 E ViewConfiguration: 	at android.widget.TextClock.<init>(TextClock.java:243)
12-13 09:57:52.972  1159  1159 E ViewConfiguration: 	at android.widget.TextClock.<init>(TextClock.java:228)
12-13 09:57:52.972  1159  1159 E ViewConfiguration: 	at java.lang.reflect.Constructor.newInstance0(Native Method)
12-13 09:57:52.972  1159  1159 E ViewConfiguration: 	at java.lang.reflect.Constructor.newInstance(Constructor.java:343)
12-13 09:57:52.972  1159  1159 E ViewConfiguration: 	at android.view.LayoutInflater.createView(LayoutInflater.java:852)
12-13 09:57:52.972  1159  1159 E ViewConfiguration: 	at android.view.LayoutInflater.createView(LayoutInflater.java:774)
12-13 09:57:52.972  1159  1159 E ViewConfiguration: 	at com.android.internal.policy.PhoneLayoutInflater.onCreateView(PhoneLayoutInflater.java:58)
12-13 09:57:52.972  1159  1159 E ViewConfiguration: 	at android.view.LayoutInflater.onCreateView(LayoutInflater.java:928)
12-13 09:57:52.972  1159  1159 E ViewConfiguration: 	at android.view.LayoutInflater.onCreateView(LayoutInflater.java:948)
12-13 09:57:52.972  1159  1159 E ViewConfiguration: 	at android.view.LayoutInflater.createViewFromTag(LayoutInflater.java:1002)
12-13 09:57:52.972  1159  1159 E ViewConfiguration: 	at android.view.LayoutInflater.createViewFromTag(LayoutInflater.java:959)
12-13 09:57:52.972  1159  1159 E ViewConfiguration: 	at android.view.LayoutInflater.rInflate(LayoutInflater.java:1121)
12-13 09:57:52.972  1159  1159 E ViewConfiguration: 	at android.view.LayoutInflater.rInflateChildren(LayoutInflater.java:1082)
12-13 09:57:52.972  1159  1159 E ViewConfiguration: 	at android.view.LayoutInflater.inflate(LayoutInflater.java:680)
12-13 09:57:52.972  1159  1159 E ViewConfiguration: 	at android.view.LayoutInflater.inflate(LayoutInflater.java:532)
12-13 09:57:52.972  1159  1159 E ViewConfiguration: 	at android.view.LayoutInflater.inflate(LayoutInflater.java:479)
12-13 09:57:52.972  1159  1159 E ViewConfiguration: 	at com.android.alarmclock.DigitalAppWidgetProvider.optimizeSizes(DigitalAppWidgetProvider.java:295)
12-13 09:57:52.972  1159  1159 E ViewConfiguration: 	at com.android.alarmclock.DigitalAppWidgetProvider.relayoutWidget(DigitalAppWidgetProvider.java:252)
12-13 09:57:52.972  1159  1159 E ViewConfiguration: 	at com.android.alarmclock.DigitalAppWidgetProvider.relayoutWidget(DigitalAppWidgetProvider.java:194)
12-13 09:57:52.972  1159  1159 E ViewConfiguration: 	at com.android.alarmclock.DigitalAppWidgetProvider.onUpdate(DigitalAppWidgetProvider.java:172)
12-13 09:57:52.972  1159  1159 E ViewConfiguration: 	at android.appwidget.AppWidgetProvider.onReceive(AppWidgetProvider.java:66)
12-13 09:57:52.972  1159  1159 E ViewConfiguration: 	at com.android.alarmclock.DigitalAppWidgetProvider.onReceive(DigitalAppWidgetProvider.java:130)
12-13 09:57:52.972  1159  1159 E ViewConfiguration: 	at android.app.ActivityThread.handleReceiver(ActivityThread.java:4026)
12-13 09:57:52.972  1159  1159 E ViewConfiguration: 	at android.app.ActivityThread.access$1400(ActivityThread.java:237)
12-13 09:57:52.972  1159  1159 E ViewConfiguration: 	at android.app.ActivityThread$H.handleMessage(ActivityThread.java:1924)
12-13 09:57:52.972  1159  1159 E ViewConfiguration: 	at android.os.Handler.dispatchMessage(Handler.java:106)
12-13 09:57:52.972  1159  1159 E ViewConfiguration: 	at android.os.Looper.loop(Looper.java:223)
12-13 09:57:52.972  1159  1159 E ViewConfiguration: 	at android.app.ActivityThread.main(ActivityThread.java:7660)
12-13 09:57:52.972  1159  1159 E ViewConfiguration: 	at java.lang.reflect.Method.invoke(Native Method)
12-13 09:57:52.972  1159  1159 E ViewConfiguration: 	at com.android.internal.os.RuntimeInit$MethodAndArgsCaller.run(RuntimeInit.java:592)
12-13 09:57:52.972  1159  1159 E ViewConfiguration: 	at com.android.internal.os.ZygoteInit.main(ZygoteInit.java:947)
12-13 09:57:52.988 19945 19945 E ThemeUtils: View class com.google.android.material.textview.MaterialTextView is an AppCompat widget that can only be used with a Theme.AppCompat theme (or descendant).
12-13 09:57:52.996 19945 19945 E ThemeUtils: View class com.google.android.material.textview.MaterialTextView is an AppCompat widget that can only be used with a Theme.AppCompat theme (or descendant).
12-13 09:57:52.999  1159  1159 E ViewConfiguration: Tried to access UI constants from a non-visual Context:com.android.deskclock.DeskClockApplication@91d21f8UI constants, such as display metrics or window metrics, must be accessed from Activity or other visual Context. Use an Activity or a Context created with Context#createWindowContext(int, Bundle), which are adjusted to the configuration and visual bounds of an area on screen
12-13 09:57:52.999  1159  1159 E ViewConfiguration: java.lang.IllegalArgumentException: Tried to access UI constants from a non-visual Context:com.android.deskclock.DeskClockApplication@91d21f8
12-13 09:57:52.999  1159  1159 E ViewConfiguration: 	at android.view.ViewConfiguration.get(ViewConfiguration.java:510)
12-13 09:57:52.999  1159  1159 E ViewConfiguration: 	at android.view.View.<init>(View.java:5317)
12-13 09:57:52.999  1159  1159 E ViewConfiguration: 	at android.view.View.<init>(View.java:5467)
12-13 09:57:52.999  1159  1159 E ViewConfiguration: 	at android.view.ViewGroup.<init>(ViewGroup.java:697)
12-13 09:57:52.999  1159  1159 E ViewConfiguration: 	at android.widget.LinearLayout.<init>(LinearLayout.java:254)
12-13 09:57:52.999  1159  1159 E ViewConfiguration: 	at android.widget.LinearLayout.<init>(LinearLayout.java:250)
12-13 09:57:52.999  1159  1159 E ViewConfiguration: 	at android.widget.LinearLayout.<init>(LinearLayout.java:246)
12-13 09:57:52.999  1159  1159 E ViewConfiguration: 	at java.lang.reflect.Constructor.newInstance0(Native Method)
12-13 09:57:52.999  1159  1159 E ViewConfiguration: 	at java.lang.reflect.Constructor.newInstance(Constructor.java:343)
12-13 09:57:52.999  1159  1159 E ViewConfiguration: 	at android.view.LayoutInflater.createView(LayoutInflater.java:852)
12-13 09:57:52.999  1159  1159 E ViewConfiguration: 	at android.view.LayoutInflater.createView(LayoutInflater.java:774)
12-13 09:57:52.999  1159  1159 E ViewConfiguration: 	at com.android.internal.policy.PhoneLayoutInflater.onCreateView(PhoneLayoutInflater.java:58)
12-13 09:57:52.999  1159  1159 E ViewConfiguration: 	at android.view.LayoutInflater.onCreateView(LayoutInflater.java:928)
12-13 09:57:52.999  1159  1159 E ViewConfiguration: 	at android.view.LayoutInflater.onCreateView(LayoutInflater.java:948)
12-13 09:57:52.999  1159  1159 E ViewConfiguration: 	at android.view.LayoutInflater.createViewFromTag(LayoutInflater.java:1002)
12-13 09:57:52.999  1159  1159 E ViewConfiguration: 	at android.view.LayoutInflater.createViewFromTag(LayoutInflater.java:959)
12-13 09:57:52.999  1159  1159 E ViewConfiguration: 	at android.view.LayoutInflater.rInflate(LayoutInflater.java:1121)
12-13 09:57:52.999  1159  1159 E ViewConfiguration: 	at android.view.LayoutInflater.rInflateChildren(LayoutInflater.java:1082)
12-13 09:57:52.999  1159  1159 E ViewConfiguration: 	at android.view.LayoutInflater.inflate(LayoutInflater.java:680)
12-13 09:57:52.999  1159  1159 E ViewConfiguration: 	at android.view.LayoutInflater.inflate(LayoutInflater.java:532)
12-13 09:57:52.999  1159  1159 E ViewConfiguration: 	at android.view.LayoutInflater.inflate(LayoutInflater.java:479)
12-13 09:57:52.999  1159  1159 E ViewConfiguration: 	at com.android.alarmclock.DigitalAppWidgetProvider.optimizeSizes(DigitalAppWidgetProvider.java:295)
12-13 09:57:52.999  1159  1159 E ViewConfiguration: 	at com.android.alarmclock.DigitalAppWidgetProvider.relayoutWidget(DigitalAppWidgetProvider.java:252)
12-13 09:57:52.999  1159  1159 E ViewConfiguration: 	at com.android.alarmclock.DigitalAppWidgetProvider.relayoutWidget(DigitalAppWidgetProvider.java:194)
12-13 09:57:52.999  1159  1159 E ViewConfiguration: 	at com.android.alarmclock.DigitalAppWidgetProvider.onUpdate(DigitalAppWidgetProvider.java:172)
12-13 09:57:52.999  1159  1159 E ViewConfiguration: 	at android.appwidget.AppWidgetProvider.onReceive(AppWidgetProvider.java:66)
12-13 09:57:52.999  1159  1159 E ViewConfiguration: 	at com.android.alarmclock.DigitalAppWidgetProvider.onReceive(DigitalAppWidgetProvider.java:130)
12-13 09:57:52.999  1159  1159 E ViewConfiguration: 	at android.app.ActivityThread.handleReceiver(ActivityThread.java:4026)
12-13 09:57:52.999  1159  1159 E ViewConfiguration: 	at android.app.ActivityThread.access$1400(ActivityThread.java:237)
12-13 09:57:52.999  1159  1159 E ViewConfiguration: 	at android.app.ActivityThread$H.handleMessage(ActivityThread.java:1924)
12-13 09:57:52.999  1159  1159 E ViewConfiguration: 	at android.os.Handler.dispatchMessage(Handler.java:106)
12-13 09:57:52.999  1159  1159 E ViewConfiguration: 	at android.os.Looper.loop(Looper.java:223)
12-13 09:57:52.999  1159  1159 E ViewConfiguration: 	at android.app.ActivityThread.main(ActivityThread.java:7660)
12-13 09:57:52.999  1159  1159 E ViewConfiguration: 	at java.lang.reflect.Method.invoke(Native Method)
12-13 09:57:52.999  1159  1159 E ViewConfiguration: 	at com.android.internal.os.RuntimeInit$MethodAndArgsCaller.run(RuntimeInit.java:592)
12-13 09:57:52.999  1159  1159 E ViewConfiguration: 	at com.android.internal.os.ZygoteInit.main(ZygoteInit.java:947)
12-13 09:57:53.000  1159  1159 E ViewConfiguration: Tried to access UI constants from a non-visual Context:com.android.deskclock.DeskClockApplication@91d21f8UI constants, such as display metrics or window metrics, must be accessed from Activity or other visual Context. Use an Activity or a Context created with Context#createWindowContext(int, Bundle), which are adjusted to the configuration and visual bounds of an area on screen
12-13 09:57:53.000  1159  1159 E ViewConfiguration: java.lang.IllegalArgumentException: Tried to access UI constants from a non-visual Context:com.android.deskclock.DeskClockApplication@91d21f8
12-13 09:57:53.000  1159  1159 E ViewConfiguration: 	at android.view.ViewConfiguration.get(ViewConfiguration.java:510)
12-13 09:57:53.000  1159  1159 E ViewConfiguration: 	at android.view.View.<init>(View.java:5317)
12-13 09:57:53.000  1159  1159 E ViewConfiguration: 	at android.view.View.<init>(View.java:5467)
12-13 09:57:53.000  1159  1159 E ViewConfiguration: 	at android.widget.TextView.<init>(TextView.java:1000)
12-13 09:57:53.000  1159  1159 E ViewConfiguration: 	at android.widget.TextClock.<init>(TextClock.java:247)
12-13 09:57:53.000  1159  1159 E ViewConfiguration: 	at android.widget.TextClock.<init>(TextClock.java:243)
12-13 09:57:53.000  1159  1159 E ViewConfiguration: 	at android.widget.TextClock.<init>(TextClock.java:228)
12-13 09:57:53.000  1159  1159 E ViewConfiguration: 	at java.lang.reflect.Constructor.newInstance0(Native Method)
12-13 09:57:53.000  1159  1159 E ViewConfiguration: 	at java.lang.reflect.Constructor.newInstance(Constructor.java:343)
12-13 09:57:53.000  1159  1159 E ViewConfiguration: 	at android.view.LayoutInflater.createView(LayoutInflater.java:852)
12-13 09:57:53.000  1159  1159 E ViewConfiguration: 	at android.view.LayoutInflater.createView(LayoutInflater.java:774)
12-13 09:57:53.000  1159  1159 E ViewConfiguration: 	at com.android.internal.policy.PhoneLayoutInflater.onCreateView(PhoneLayoutInflater.java:58)
12-13 09:57:53.000  1159  1159 E ViewConfiguration: 	at android.view.LayoutInflater.onCreateView(LayoutInflater.java:928)
12-13 09:57:53.000  1159  1159 E ViewConfiguration: 	at android.view.LayoutInflater.onCreateView(LayoutInflater.java:948)
12-13 09:57:53.000  1159  1159 E ViewConfiguration: 	at android.view.LayoutInflater.createViewFromTag(LayoutInflater.java:1002)
12-13 09:57:53.000  1159  1159 E ViewConfiguration: 	at android.view.LayoutInflater.createViewFromTag(LayoutInflater.java:959)
12-13 09:57:53.000  1159  1159 E ViewConfiguration: 	at android.view.LayoutInflater.rInflate(LayoutInflater.java:1121)
12-13 09:57:53.000  1159  1159 E ViewConfiguration: 	at android.view.LayoutInflater.rInflateChildren(LayoutInflater.java:1082)
12-13 09:57:53.000  1159  1159 E ViewConfiguration: 	at android.view.LayoutInflater.rInflate(LayoutInflater.java:1124)
12-13 09:57:53.000  1159  1159 E ViewConfiguration: 	at android.view.LayoutInflater.rInflateChildren(LayoutInflater.java:1082)
12-13 09:57:53.000  1159  1159 E ViewConfiguration: 	at android.view.LayoutInflater.inflate(LayoutInflater.java:680)
12-13 09:57:53.000  1159  1159 E ViewConfiguration: 	at android.view.LayoutInflater.inflate(LayoutInflater.java:532)
12-13 09:57:53.000  1159  1159 E ViewConfiguration: 	at android.view.LayoutInflater.inflate(LayoutInflater.java:479)
12-13 09:57:53.000  1159  1159 E ViewConfiguration: 	at com.android.alarmclock.DigitalAppWidgetProvider.optimizeSizes(DigitalAppWidgetProvider.java:295)
12-13 09:57:53.000  1159  1159 E ViewConfiguration: 	at com.android.alarmclock.DigitalAppWidgetProvider.relayoutWidget(DigitalAppWidgetProvider.java:252)
12-13 09:57:53.000  1159  1159 E ViewConfiguration: 	at com.android.alarmclock.DigitalAppWidgetProvider.relayoutWidget(DigitalAppWidgetProvider.java:194)
12-13 09:57:53.000  1159  1159 E ViewConfiguration: 	at com.android.alarmclock.DigitalAppWidgetProvider.onUpdate(DigitalAppWidgetProvider.java:172)
12-13 09:57:53.000  1159  1159 E ViewConfiguration: 	at android.appwidget.AppWidgetProvider.onReceive(AppWidgetProvider.java:66)
12-13 09:57:53.000  1159  1159 E ViewConfiguration: 	at com.android.alarmclock.DigitalAppWidgetProvider.onReceive(DigitalAppWidgetProvider.java:130)
12-13 09:57:53.000  1159  1159 E ViewConfiguration: 	at android.app.ActivityThread.handleReceiver(ActivityThread.java:4026)
12-13 09:57:53.000  1159  1159 E ViewConfiguration: 	at android.app.ActivityThread.access$1400(ActivityThread.java:237)
12-13 09:57:53.000  1159  1159 E ViewConfiguration: 	at android.app.ActivityThread$H.handleMessage(ActivityThread.java:1924)
12-13 09:57:53.000  1159  1159 E ViewConfiguration: 	at android.os.Handler.dispatchMessage(Handler.java:106)
12-13 09:57:53.000  1159  1159 E ViewConfiguration: 	at android.os.Looper.loop(Looper.java:223)
12-13 09:57:53.000  1159  1159 E ViewConfiguration: 	at android.app.ActivityThread.main(ActivityThread.java:7660)
12-13 09:57:53.000  1159  1159 E ViewConfiguration: 	at java.lang.reflect.Method.invoke(Native Method)
12-13 09:57:53.000  1159  1159 E ViewConfiguration: 	at com.android.internal.os.RuntimeInit$MethodAndArgsCaller.run(RuntimeInit.java:592)
12-13 09:57:53.000  1159  1159 E ViewConfiguration: 	at com.android.internal.os.ZygoteInit.main(ZygoteInit.java:947)
12-13 09:57:53.003 19945 19945 E ThemeUtils: View class androidx.appcompat.widget.AppCompatImageView is an AppCompat widget that can only be used with a Theme.AppCompat theme (or descendant).
12-13 09:57:53.006  1159  1159 E ViewConfiguration: Tried to access UI constants from a non-visual Context:com.android.deskclock.DeskClockApplication@91d21f8UI constants, such as display metrics or window metrics, must be accessed from Activity or other visual Context. Use an Activity or a Context created with Context#createWindowContext(int, Bundle), which are adjusted to the configuration and visual bounds of an area on screen
12-13 09:57:53.006  1159  1159 E ViewConfiguration: java.lang.IllegalArgumentException: Tried to access UI constants from a non-visual Context:com.android.deskclock.DeskClockApplication@91d21f8
12-13 09:57:53.006  1159  1159 E ViewConfiguration: 	at android.view.ViewConfiguration.get(ViewConfiguration.java:510)
12-13 09:57:53.006  1159  1159 E ViewConfiguration: 	at android.view.View.<init>(View.java:5317)
12-13 09:57:53.006  1159  1159 E ViewConfiguration: 	at android.view.View.<init>(View.java:5467)
12-13 09:57:53.006  1159  1159 E ViewConfiguration: 	at android.widget.TextView.<init>(TextView.java:1000)
12-13 09:57:53.006  1159  1159 E ViewConfiguration: 	at android.widget.TextView.<init>(TextView.java:994)
12-13 09:57:53.006  1159  1159 E ViewConfiguration: 	at android.widget.TextView.<init>(TextView.java:990)
12-13 09:57:53.006  1159  1159 E ViewConfiguration: 	at java.lang.reflect.Constructor.newInstance0(Native Method)
12-13 09:57:53.006  1159  1159 E ViewConfiguration: 	at java.lang.reflect.Constructor.newInstance(Constructor.java:343)
12-13 09:57:53.006  1159  1159 E ViewConfiguration: 	at android.view.LayoutInflater.createView(LayoutInflater.java:852)
12-13 09:57:53.006  1159  1159 E ViewConfiguration: 	at android.view.LayoutInflater.createView(LayoutInflater.java:774)
12-13 09:57:53.006  1159  1159 E ViewConfiguration: 	at com.android.internal.policy.PhoneLayoutInflater.onCreateView(PhoneLayoutInflater.java:58)
12-13 09:57:53.006  1159  1159 E ViewConfiguration: 	at android.view.LayoutInflater.onCreateView(LayoutInflater.java:928)
12-13 09:57:53.006  1159  1159 E ViewConfiguration: 	at android.view.LayoutInflater.onCreateView(LayoutInflater.java:948)
12-13 09:57:53.006  1159  1159 E ViewConfiguration: 	at android.view.LayoutInflater.createViewFromTag(LayoutInflater.java:1002)
12-13 09:57:53.006  1159  1159 E ViewConfiguration: 	at android.view.LayoutInflater.createViewFromTag(LayoutInflater.java:959)
12-13 09:57:53.006  1159  1159 E ViewConfiguration: 	at android.view.LayoutInflater.rInflate(LayoutInflater.java:1121)
12-13 09:57:53.006  1159  1159 E ViewConfiguration: 	at android.view.LayoutInflater.rInflateChildren(LayoutInflater.java:1082)
12-13 09:57:53.006  1159  1159 E ViewConfiguration: 	at android.view.LayoutInflater.rInflate(LayoutInflater.java:1124)
12-13 09:57:53.006  1159  1159 E ViewConfiguration: 	at android.view.LayoutInflater.rInflateChildren(LayoutInflater.java:1082)
12-13 09:57:53.006  1159  1159 E ViewConfiguration: 	at android.view.LayoutInflater.inflate(LayoutInflater.java:680)
12-13 09:57:53.006  1159  1159 E ViewConfiguration: 	at android.view.LayoutInflater.inflate(LayoutInflater.java:532)
